2026-05-14 00:07:13,569 - INFO - ✅ Successfully connected to Supabase PostgreSQL
2026-05-14 00:07:14,800 - INFO - ✅ Successfully read 150000 rows from parquet file
2026-05-14 00:07:14,822 - INFO - Selected columns: ['id', 'user_id', 'pickup_location', 'drop_location', 'vehicle_type', 'price', 'estimated_pickup_time_minute', 'estimated_drop_time_minute', 'status', 'created_at', 'completed_at', 'pickup_encoded', 'drop_encoded', 'hour', 'day_of_week', 'route_cluster', 'ride_distance', 'is_peak_hour', 'is_weekend', 'is_night', 'hour_sin', 'hour_cos', 'day_sin', 'day_cos', 'vtat']
2026-05-14 00:07:14,822 - INFO - Dataframe shape: (150000, 25)
2026-05-14 00:07:14,873 - WARNING - Column 'status' values truncated to 20 characters.
2026-05-14 00:07:14,949 - INFO - Data prepared: 150000 rows ready to insert.
2026-05-14 00:07:18,126 - INFO - ✅ Successfully connected to Supabase PostgreSQL
2026-05-14 00:07:18,559 - INFO - Fetching existing IDs from database to avoid duplicates...
2026-05-14 00:07:18,727 - INFO - Found 0 existing IDs in database.
2026-05-14 00:07:18,774 - INFO - Filtered to insert 150000 new rows.
2026-05-14 00:07:18,774 - INFO - 🚀 Starting data load to Supabase...
2026-05-14 00:07:20,339 - INFO - Inserted 0 rows...
2026-05-14 00:07:46,624 - INFO - Inserted 100 rows...
2026-05-14 00:08:07,335 - INFO - Inserted 200 rows...
2026-05-14 00:08:27,436 - INFO - Inserted 300 rows...
2026-05-14 00:08:48,794 - INFO - Inserted 400 rows...
2026-05-14 00:09:07,033 - INFO - Inserted 500 rows...
2026-05-14 00:09:07,525 - INFO - Inserted 500 rows...
2026-05-14 00:09:30,151 - INFO - Inserted 600 rows...
2026-05-14 00:09:49,295 - INFO - Inserted 700 rows...
2026-05-14 00:10:08,193 - INFO - Inserted 800 rows...
2026-05-14 00:10:34,822 - INFO - Inserted 900 rows...
2026-05-14 00:10:55,727 - INFO - Inserted 1000 rows...
2026-05-14 00:10:56,293 - INFO - Inserted 1000 rows...
2026-05-14 00:11:16,048 - INFO - Inserted 1100 rows...
2026-05-14 00:11:39,530 - INFO - Inserted 1200 rows...
2026-05-14 00:11:59,149 - INFO - Inserted 1300 rows...
2026-05-14 00:12:40,132 - INFO - Inserted 1400 rows...
2026-05-14 00:13:07,933 - INFO - Inserted 1500 rows...
2026-05-14 00:13:08,686 - INFO - Inserted 1500 rows...
2026-05-14 00:13:34,726 - INFO - Inserted 1600 rows...
2026-05-14 00:14:07,005 - INFO - Inserted 1700 rows...
2026-05-14 00:14:36,938 - INFO - Inserted 1800 rows...
2026-05-14 00:14:57,220 - INFO - Inserted 1900 rows...
2026-05-14 00:15:25,789 - INFO - Inserted 2000 rows...
2026-05-14 00:15:26,633 - INFO - Inserted 2000 rows...
2026-05-14 00:17:53,633 - INFO - Inserted 2100 rows...
2026-05-14 00:18:14,275 - INFO - Inserted 2200 rows...
2026-05-14 00:18:34,529 - INFO - Inserted 2300 rows...
2026-05-14 00:18:55,897 - INFO - Inserted 2400 rows...
2026-05-14 00:19:17,100 - INFO - Inserted 2500 rows...
2026-05-14 00:19:17,555 - INFO - Inserted 2500 rows...
2026-05-14 00:19:37,294 - INFO - Inserted 2600 rows...
2026-05-14 00:19:57,306 - INFO - Inserted 2700 rows...
2026-05-14 09:45:17,006 - INFO - ✅ Successfully connected to Supabase PostgreSQL
2026-05-14 09:45:17,525 - INFO - ✅ Successfully read 150000 rows from parquet file
2026-05-14 09:45:17,548 - INFO - Selected columns: ['id', 'user_id', 'pickup_location', 'drop_location', 'vehicle_type', 'price', 'estimated_pickup_time_minute', 'estimated_drop_time_minute', 'status', 'created_at', 'completed_at', 'pickup_encoded', 'drop_encoded', 'hour', 'day_of_week', 'route_cluster', 'ride_distance', 'is_peak_hour', 'is_weekend', 'is_night', 'hour_sin', 'hour_cos', 'day_sin', 'day_cos', 'vtat']
2026-05-14 09:45:17,548 - INFO - Dataframe shape: (150000, 25)
2026-05-14 09:45:17,597 - WARNING - Column 'status' values truncated to 20 characters.
2026-05-14 09:45:17,675 - INFO - Data prepared: 150000 rows ready to insert.
2026-05-14 09:45:18,273 - INFO - ✅ Successfully connected to Supabase PostgreSQL
2026-05-14 09:45:18,474 - INFO - Fetching existing IDs from database to avoid duplicates...
2026-05-14 09:45:18,573 - INFO - Found 0 existing IDs in database.
2026-05-14 09:45:18,624 - INFO - Filtered to insert 150000 new rows.
2026-05-14 09:45:18,625 - INFO - 🚀 Starting data load to Supabase...
2026-05-14 09:45:19,070 - INFO - Inserted 0 rows...
2026-05-14 09:45:29,217 - INFO - Inserted 100 rows...
2026-05-14 09:45:39,604 - INFO - Inserted 200 rows...
2026-05-14 09:45:49,838 - INFO - Inserted 300 rows...
2026-05-14 09:46:00,250 - INFO - Inserted 400 rows...
2026-05-14 09:46:10,397 - INFO - Inserted 500 rows...
2026-05-14 09:46:10,716 - INFO - Inserted 500 rows...
2026-05-14 09:46:20,902 - INFO - Inserted 600 rows...
2026-05-14 09:46:31,216 - INFO - Inserted 700 rows...
2026-05-14 09:46:41,365 - INFO - Inserted 800 rows...
2026-05-14 09:46:51,651 - INFO - Inserted 900 rows...
2026-05-14 09:47:02,922 - INFO - Inserted 1000 rows...
2026-05-14 09:47:03,733 - INFO - Inserted 1000 rows...
2026-05-14 09:47:14,148 - INFO - Inserted 1100 rows...
2026-05-14 09:47:24,425 - INFO - Inserted 1200 rows...
2026-05-14 09:47:34,836 - INFO - Inserted 1300 rows...
2026-05-14 09:47:46,432 - INFO - Inserted 1400 rows...
2026-05-14 09:47:59,340 - INFO - Inserted 1500 rows...
2026-05-14 09:47:59,785 - INFO - Inserted 1500 rows...
2026-05-14 09:48:11,735 - INFO - Inserted 1600 rows...
2026-05-14 09:48:22,153 - INFO - Inserted 1700 rows...
2026-05-14 09:48:32,606 - INFO - Inserted 1800 rows...
2026-05-14 09:48:42,931 - INFO - Inserted 1900 rows...
2026-05-14 09:48:53,469 - INFO - Inserted 2000 rows...
2026-05-14 09:48:53,767 - INFO - Inserted 2000 rows...
2026-05-14 09:49:04,054 - INFO - Inserted 2100 rows...
2026-05-14 09:49:14,749 - INFO - Inserted 2200 rows...
2026-05-14 09:49:25,490 - INFO - Inserted 2300 rows...
2026-05-14 09:49:35,835 - INFO - Inserted 2400 rows...
2026-05-14 09:49:46,052 - INFO - Inserted 2500 rows...
2026-05-14 09:49:46,350 - INFO - Inserted 2500 rows...
2026-05-14 09:49:56,628 - INFO - Inserted 2600 rows...
2026-05-14 09:50:07,061 - INFO - Inserted 2700 rows...
2026-05-14 09:50:17,460 - INFO - Inserted 2800 rows...
2026-05-14 09:50:28,475 - INFO - Inserted 2900 rows...
2026-05-14 09:50:38,852 - INFO - Inserted 3000 rows...
2026-05-14 09:50:39,159 - INFO - Inserted 3000 rows...
2026-05-14 09:50:49,898 - INFO - Inserted 3100 rows...
2026-05-14 09:51:00,208 - INFO - Inserted 3200 rows...
2026-05-14 09:51:10,900 - INFO - Inserted 3300 rows...
2026-05-14 09:51:21,049 - INFO - Inserted 3400 rows...
2026-05-14 09:51:31,560 - INFO - Inserted 3500 rows...
2026-05-14 09:51:31,858 - INFO - Inserted 3500 rows...
2026-05-14 09:51:42,007 - INFO - Inserted 3600 rows...
2026-05-14 09:51:52,135 - INFO - Inserted 3700 rows...
2026-05-14 09:52:04,156 - INFO - Inserted 3800 rows...
2026-05-14 09:52:21,239 - INFO - Inserted 3900 rows...
2026-05-14 09:52:35,598 - INFO - Inserted 4000 rows...
2026-05-14 09:52:35,964 - INFO - Inserted 4000 rows...
2026-05-14 09:52:50,381 - INFO - Inserted 4100 rows...
2026-05-14 09:53:05,288 - INFO - Inserted 4200 rows...
2026-05-14 09:53:17,570 - INFO - Inserted 4300 rows...
2026-05-14 09:53:28,747 - INFO - Inserted 4400 rows...
2026-05-14 09:53:39,707 - INFO - Inserted 4500 rows...
2026-05-14 09:53:40,010 - INFO - Inserted 4500 rows...
2026-05-14 09:53:50,316 - INFO - Inserted 4600 rows...
2026-05-14 09:54:00,620 - INFO - Inserted 4700 rows...
2026-05-14 09:54:10,933 - INFO - Inserted 4800 rows...
2026-05-14 09:54:21,664 - INFO - Inserted 4900 rows...
2026-05-14 09:54:31,883 - INFO - Inserted 5000 rows...
2026-05-14 09:54:32,185 - INFO - Inserted 5000 rows...
2026-05-14 09:54:42,474 - INFO - Inserted 5100 rows...
2026-05-14 09:54:52,760 - INFO - Inserted 5200 rows...
2026-05-14 09:55:03,051 - INFO - Inserted 5300 rows...
2026-05-14 09:55:13,352 - INFO - Inserted 5400 rows...
2026-05-14 09:55:24,327 - INFO - Inserted 5500 rows...
2026-05-14 09:55:24,630 - INFO - Inserted 5500 rows...
2026-05-14 09:55:34,930 - INFO - Inserted 5600 rows...
2026-05-14 09:55:46,857 - INFO - Inserted 5700 rows...
2026-05-14 09:55:59,785 - INFO - Inserted 5800 rows...
2026-05-14 09:56:11,006 - INFO - Inserted 5900 rows...
2026-05-14 09:56:23,005 - INFO - Inserted 6000 rows...
2026-05-14 09:56:23,327 - INFO - Inserted 6000 rows...
2026-05-14 09:56:34,929 - INFO - Inserted 6100 rows...
2026-05-14 09:56:45,212 - INFO - Inserted 6200 rows...
2026-05-14 09:56:57,821 - INFO - Inserted 6300 rows...
2026-05-14 09:57:08,808 - INFO - Inserted 6400 rows...
2026-05-14 09:57:21,014 - INFO - Inserted 6500 rows...
2026-05-14 09:57:21,335 - INFO - Inserted 6500 rows...
2026-05-14 09:57:31,581 - INFO - Inserted 6600 rows...
2026-05-14 09:57:41,698 - INFO - Inserted 6700 rows...
2026-05-14 09:57:51,821 - INFO - Inserted 6800 rows...
2026-05-14 09:58:02,066 - INFO - Inserted 6900 rows...
2026-05-14 09:58:12,106 - INFO - Inserted 7000 rows...
2026-05-14 09:58:12,423 - INFO - Inserted 7000 rows...
2026-05-14 09:58:24,301 - INFO - Inserted 7100 rows...
2026-05-14 09:58:34,426 - INFO - Inserted 7200 rows...
2026-05-14 09:58:44,570 - INFO - Inserted 7300 rows...
2026-05-14 09:58:54,779 - INFO - Inserted 7400 rows...
2026-05-14 09:59:04,819 - INFO - Inserted 7500 rows...
2026-05-14 09:59:05,117 - INFO - Inserted 7500 rows...
2026-05-14 09:59:19,251 - INFO - Inserted 7600 rows...
2026-05-14 09:59:34,031 - INFO - Inserted 7700 rows...
2026-05-14 09:59:48,793 - INFO - Inserted 7800 rows...
2026-05-14 10:00:05,461 - INFO - Inserted 7900 rows...
2026-05-14 10:00:21,029 - INFO - Inserted 8000 rows...
2026-05-14 10:00:21,416 - INFO - Inserted 8000 rows...
2026-05-14 10:00:37,435 - INFO - Inserted 8100 rows...
2026-05-14 10:00:51,532 - INFO - Inserted 8200 rows...
2026-05-14 10:01:01,696 - INFO - Inserted 8300 rows...
2026-05-14 10:01:11,988 - INFO - Inserted 8400 rows...
2026-05-14 10:01:22,016 - INFO - Inserted 8500 rows...
2026-05-14 10:01:22,313 - INFO - Inserted 8500 rows...
2026-05-14 10:01:32,604 - INFO - Inserted 8600 rows...
2026-05-14 10:01:42,739 - INFO - Inserted 8700 rows...
2026-05-14 10:01:52,886 - INFO - Inserted 8800 rows...
2026-05-14 10:02:03,110 - INFO - Inserted 8900 rows...
2026-05-14 10:02:13,134 - INFO - Inserted 9000 rows...
2026-05-14 10:02:13,434 - INFO - Inserted 9000 rows...
2026-05-14 10:02:23,706 - INFO - Inserted 9100 rows...
2026-05-14 10:02:33,835 - INFO - Inserted 9200 rows...
2026-05-14 10:02:44,090 - INFO - Inserted 9300 rows...
2026-05-14 10:02:54,257 - INFO - Inserted 9400 rows...
2026-05-14 10:03:04,348 - INFO - Inserted 9500 rows...
2026-05-14 10:03:04,661 - INFO - Inserted 9500 rows...
2026-05-14 10:03:14,851 - INFO - Inserted 9600 rows...
2026-05-14 10:03:24,977 - INFO - Inserted 9700 rows...
2026-05-14 10:03:35,202 - INFO - Inserted 9800 rows...
2026-05-14 10:03:45,343 - INFO - Inserted 9900 rows...
2026-05-14 10:03:55,500 - INFO - Inserted 10000 rows...
2026-05-14 10:03:55,797 - INFO - Inserted 10000 rows...
2026-05-14 10:04:05,916 - INFO - Inserted 10100 rows...
2026-05-14 10:04:16,039 - INFO - Inserted 10200 rows...
2026-05-14 10:04:26,154 - INFO - Inserted 10300 rows...
2026-05-14 10:04:36,288 - INFO - Inserted 10400 rows...
2026-05-14 10:04:46,304 - INFO - Inserted 10500 rows...
2026-05-14 10:04:46,601 - INFO - Inserted 10500 rows...
2026-05-14 10:04:56,717 - INFO - Inserted 10600 rows...
2026-05-14 10:05:06,833 - INFO - Inserted 10700 rows...
2026-05-14 10:05:16,936 - INFO - Inserted 10800 rows...
2026-05-14 10:05:27,156 - INFO - Inserted 10900 rows...
2026-05-14 10:05:40,566 - INFO - Inserted 11000 rows...
2026-05-14 10:05:40,930 - INFO - Inserted 11000 rows...
2026-05-14 10:05:51,286 - INFO - Inserted 11100 rows...
2026-05-14 10:06:01,383 - INFO - Inserted 11200 rows...
2026-05-14 10:06:11,484 - INFO - Inserted 11300 rows...
2026-05-14 10:06:25,433 - INFO - Inserted 11400 rows...
2026-05-14 10:06:35,447 - INFO - Inserted 11500 rows...
2026-05-14 10:06:35,744 - INFO - Inserted 11500 rows...
2026-05-14 10:06:45,855 - INFO - Inserted 11600 rows...
2026-05-14 10:06:55,963 - INFO - Inserted 11700 rows...
2026-05-14 10:07:06,076 - INFO - Inserted 11800 rows...
2026-05-14 10:07:16,199 - INFO - Inserted 11900 rows...
2026-05-14 10:07:26,326 - INFO - Inserted 12000 rows...
2026-05-14 10:07:26,644 - INFO - Inserted 12000 rows...
2026-05-14 10:07:36,787 - INFO - Inserted 12100 rows...
2026-05-14 10:07:46,908 - INFO - Inserted 12200 rows...
2026-05-14 10:08:03,353 - INFO - Inserted 12300 rows...
2026-05-14 10:08:13,530 - INFO - Inserted 12400 rows...
2026-05-14 10:08:23,548 - INFO - Inserted 12500 rows...
2026-05-14 10:08:23,845 - INFO - Inserted 12500 rows...
2026-05-14 10:08:33,976 - INFO - Inserted 12600 rows...
2026-05-14 10:08:44,258 - INFO - Inserted 12700 rows...
2026-05-14 10:08:54,375 - INFO - Inserted 12800 rows...
2026-05-14 10:09:05,095 - INFO - Inserted 12900 rows...
2026-05-14 10:09:17,087 - INFO - Inserted 13000 rows...
2026-05-14 10:09:17,385 - INFO - Inserted 13000 rows...
2026-05-14 10:09:27,585 - INFO - Inserted 13100 rows...
2026-05-14 10:09:42,074 - INFO - Inserted 13200 rows...
2026-05-14 10:09:53,489 - INFO - Inserted 13300 rows...
2026-05-14 10:10:03,619 - INFO - Inserted 13400 rows...
2026-05-14 10:10:13,728 - INFO - Inserted 13500 rows...
2026-05-14 10:10:14,025 - INFO - Inserted 13500 rows...
2026-05-14 10:10:24,157 - INFO - Inserted 13600 rows...
2026-05-14 10:10:34,297 - INFO - Inserted 13700 rows...
2026-05-14 10:10:44,507 - INFO - Inserted 13800 rows...
2026-05-14 10:10:54,628 - INFO - Inserted 13900 rows...
2026-05-14 10:11:05,246 - INFO - Inserted 14000 rows...
2026-05-14 10:11:05,544 - INFO - Inserted 14000 rows...
2026-05-14 10:11:17,758 - INFO - Inserted 14100 rows...
2026-05-14 10:11:27,980 - INFO - Inserted 14200 rows...
2026-05-14 10:11:42,895 - INFO - Inserted 14300 rows...
2026-05-14 10:12:00,009 - INFO - Inserted 14400 rows...
2026-05-14 10:12:13,339 - INFO - Inserted 14500 rows...
2026-05-14 10:12:13,715 - INFO - Inserted 14500 rows...
2026-05-14 10:12:28,667 - INFO - Inserted 14600 rows...
2026-05-14 10:12:41,740 - INFO - Inserted 14700 rows...
2026-05-14 10:12:51,883 - INFO - Inserted 14800 rows...
2026-05-14 10:13:02,102 - INFO - Inserted 14900 rows...
2026-05-14 10:13:12,877 - INFO - Inserted 15000 rows...
2026-05-14 10:13:13,176 - INFO - Inserted 15000 rows...
2026-05-14 10:13:29,925 - INFO - Inserted 15100 rows...
2026-05-14 10:13:44,770 - INFO - Inserted 15200 rows...
2026-05-14 10:13:57,905 - INFO - Inserted 15300 rows...
2026-05-14 10:14:08,114 - INFO - Inserted 15400 rows...
2026-05-14 10:14:18,954 - INFO - Inserted 15500 rows...
2026-05-14 10:14:19,251 - INFO - Inserted 15500 rows...
2026-05-14 10:14:29,573 - INFO - Inserted 15600 rows...
2026-05-14 10:14:39,790 - INFO - Inserted 15700 rows...
2026-05-14 10:14:53,309 - INFO - Inserted 15800 rows...
2026-05-14 10:15:08,396 - INFO - Inserted 15900 rows...
2026-05-14 10:15:24,165 - INFO - Inserted 16000 rows...
2026-05-14 10:15:24,564 - INFO - Inserted 16000 rows...
2026-05-14 10:15:38,864 - INFO - Inserted 16100 rows...
2026-05-14 10:15:53,839 - INFO - Inserted 16200 rows...
2026-05-14 10:16:05,378 - INFO - Inserted 16300 rows...
2026-05-14 10:16:15,503 - INFO - Inserted 16400 rows...
2026-05-14 10:16:25,558 - INFO - Inserted 16500 rows...
2026-05-14 10:16:25,856 - INFO - Inserted 16500 rows...
2026-05-14 10:16:36,071 - INFO - Inserted 16600 rows...
2026-05-14 10:16:46,203 - INFO - Inserted 16700 rows...
2026-05-14 10:16:56,368 - INFO - Inserted 16800 rows...
2026-05-14 10:17:06,545 - INFO - Inserted 16900 rows...
2026-05-14 10:17:16,577 - INFO - Inserted 17000 rows...
2026-05-14 10:17:16,875 - INFO - Inserted 17000 rows...
2026-05-14 10:17:27,284 - INFO - Inserted 17100 rows...
2026-05-14 10:17:37,413 - INFO - Inserted 17200 rows...
2026-05-14 10:17:47,651 - INFO - Inserted 17300 rows...
2026-05-14 10:17:57,773 - INFO - Inserted 17400 rows...
2026-05-14 10:18:07,816 - INFO - Inserted 17500 rows...
2026-05-14 10:18:08,125 - INFO - Inserted 17500 rows...
2026-05-14 10:18:18,348 - INFO - Inserted 17600 rows...
2026-05-14 10:18:28,485 - INFO - Inserted 17700 rows...
2026-05-14 10:18:40,409 - INFO - Inserted 17800 rows...
2026-05-14 10:18:50,569 - INFO - Inserted 17900 rows...
2026-05-14 10:19:00,711 - INFO - Inserted 18000 rows...
2026-05-14 10:19:01,008 - INFO - Inserted 18000 rows...
2026-05-14 10:19:11,135 - INFO - Inserted 18100 rows...
2026-05-14 10:19:21,392 - INFO - Inserted 18200 rows...
2026-05-14 10:19:32,009 - INFO - Inserted 18300 rows...
2026-05-14 10:19:42,405 - INFO - Inserted 18400 rows...
2026-05-14 10:19:52,479 - INFO - Inserted 18500 rows...
2026-05-14 10:19:52,776 - INFO - Inserted 18500 rows...
2026-05-14 10:20:03,045 - INFO - Inserted 18600 rows...
2026-05-14 10:20:13,190 - INFO - Inserted 18700 rows...
2026-05-14 10:20:23,446 - INFO - Inserted 18800 rows...
2026-05-14 10:20:33,589 - INFO - Inserted 18900 rows...
2026-05-14 10:20:43,843 - INFO - Inserted 19000 rows...
2026-05-14 10:20:44,142 - INFO - Inserted 19000 rows...
2026-05-14 10:20:54,274 - INFO - Inserted 19100 rows...
2026-05-14 10:21:04,634 - INFO - Inserted 19200 rows...
2026-05-14 10:21:14,756 - INFO - Inserted 19300 rows...
2026-05-14 10:21:24,889 - INFO - Inserted 19400 rows...
2026-05-14 10:21:34,906 - INFO - Inserted 19500 rows...
2026-05-14 10:21:35,203 - INFO - Inserted 19500 rows...
2026-05-14 10:21:46,075 - INFO - Inserted 19600 rows...
2026-05-14 10:21:56,224 - INFO - Inserted 19700 rows...
2026-05-14 10:22:07,263 - INFO - Inserted 19800 rows...
2026-05-14 10:22:17,825 - INFO - Inserted 19900 rows...
2026-05-14 10:22:27,910 - INFO - Inserted 20000 rows...
2026-05-14 10:22:28,208 - INFO - Inserted 20000 rows...
2026-05-14 10:22:38,319 - INFO - Inserted 20100 rows...
2026-05-14 10:22:48,437 - INFO - Inserted 20200 rows...
2026-05-14 10:22:59,059 - INFO - Inserted 20300 rows...
2026-05-14 10:23:09,833 - INFO - Inserted 20400 rows...
2026-05-14 10:23:19,832 - INFO - Inserted 20500 rows...
2026-05-14 10:23:20,128 - INFO - Inserted 20500 rows...
2026-05-14 10:23:30,242 - INFO - Inserted 20600 rows...
2026-05-14 10:23:40,382 - INFO - Inserted 20700 rows...
2026-05-14 10:23:50,485 - INFO - Inserted 20800 rows...
2026-05-14 10:24:00,593 - INFO - Inserted 20900 rows...
2026-05-14 10:24:10,599 - INFO - Inserted 21000 rows...
2026-05-14 10:24:10,896 - INFO - Inserted 21000 rows...
2026-05-14 10:24:21,009 - INFO - Inserted 21100 rows...
2026-05-14 10:24:31,126 - INFO - Inserted 21200 rows...
2026-05-14 10:24:41,231 - INFO - Inserted 21300 rows...
2026-05-16 12:43:05,638 - INFO - ✅ Successfully connected to Supabase PostgreSQL
2026-05-16 12:43:06,282 - INFO - ✅ Successfully read 150000 rows from parquet file
2026-05-16 12:43:06,303 - INFO - Selected columns: ['id', 'user_id', 'pickup_location', 'drop_location', 'vehicle_type', 'price', 'estimated_pickup_time_minute', 'estimated_drop_time_minute', 'status', 'created_at', 'completed_at', 'pickup_encoded', 'drop_encoded', 'hour', 'day_of_week', 'route_cluster', 'ride_distance', 'is_peak_hour', 'is_weekend', 'is_night', 'hour_sin', 'hour_cos', 'day_sin', 'day_cos', 'vtat']
2026-05-16 12:43:06,303 - INFO - Dataframe shape: (150000, 25)
2026-05-16 12:43:06,348 - WARNING - Column 'status' values truncated to 20 characters.
2026-05-16 12:43:06,423 - INFO - Data prepared: 150000 rows ready to insert.
2026-05-16 12:43:07,047 - INFO - ✅ Successfully connected to Supabase PostgreSQL
2026-05-16 12:43:07,260 - INFO - Fetching existing IDs from database to avoid duplicates...
2026-05-16 12:43:07,360 - INFO - Found 0 existing IDs in database.
2026-05-16 12:43:07,411 - INFO - Filtered to insert 150000 new rows.
2026-05-16 12:43:07,411 - INFO - 🚀 Starting data load to Supabase...
2026-05-16 12:43:07,867 - INFO - Inserted 0 rows...
2026-05-16 12:43:18,677 - INFO - Inserted 100 rows...
2026-05-16 12:43:29,064 - INFO - Inserted 200 rows...
2026-05-16 12:43:39,561 - INFO - Inserted 300 rows...
2026-05-16 12:43:50,203 - INFO - Inserted 400 rows...
2026-05-16 12:44:01,169 - INFO - Inserted 500 rows...
2026-05-16 12:44:01,523 - INFO - Inserted 500 rows...
2026-05-16 12:44:40,792 - INFO - ✅ Successfully connected to Supabase PostgreSQL
2026-05-16 12:44:41,220 - INFO - ✅ Successfully read 150000 rows from parquet file
2026-05-16 12:44:41,244 - INFO - Selected columns: ['id', 'user_id', 'pickup_location', 'drop_location', 'vehicle_type', 'price', 'estimated_pickup_time_minute', 'estimated_drop_time_minute', 'status', 'created_at', 'completed_at', 'pickup_encoded', 'drop_encoded', 'hour', 'day_of_week', 'route_cluster', 'ride_distance', 'is_peak_hour', 'is_weekend', 'is_night', 'hour_sin', 'hour_cos', 'day_sin', 'day_cos', 'vtat']
2026-05-16 12:44:41,244 - INFO - Dataframe shape: (150000, 25)
2026-05-16 12:44:41,293 - WARNING - Column 'status' values truncated to 20 characters.
2026-05-16 12:44:41,368 - INFO - Data prepared: 150000 rows ready to insert.
2026-05-16 12:44:41,987 - INFO - ✅ Successfully connected to Supabase PostgreSQL
2026-05-16 12:44:42,196 - INFO - Fetching existing IDs from database to avoid duplicates...
2026-05-16 12:44:42,299 - INFO - Found 0 existing IDs in database.
2026-05-16 12:44:42,336 - INFO - Filtered to insert 150000 new rows.
2026-05-16 12:44:42,336 - INFO - 🚀 Starting data load to Supabase...
2026-05-16 12:44:42,811 - INFO - Inserted 0 rows...
2026-05-16 12:44:53,182 - INFO - Inserted 100 rows...
2026-05-16 12:45:03,513 - INFO - Inserted 200 rows...
2026-05-16 12:45:14,127 - INFO - Inserted 300 rows...
2026-05-16 12:45:24,670 - INFO - Inserted 400 rows...
2026-05-16 12:45:35,238 - INFO - Inserted 500 rows...
2026-05-16 12:45:35,544 - INFO - Inserted 500 rows...
2026-05-16 12:46:09,718 - INFO - ✅ Successfully connected to Supabase PostgreSQL
2026-05-16 12:46:10,097 - INFO - ✅ Successfully read 150000 rows from parquet file
2026-05-16 12:46:10,119 - INFO - Selected columns: ['id', 'user_id', 'pickup_location', 'drop_location', 'vehicle_type', 'price', 'estimated_pickup_time_minute', 'estimated_drop_time_minute', 'status', 'created_at', 'completed_at', 'pickup_encoded', 'drop_encoded', 'hour', 'day_of_week', 'route_cluster', 'ride_distance', 'is_peak_hour', 'is_weekend', 'is_night', 'hour_sin', 'hour_cos', 'day_sin', 'day_cos', 'vtat']
2026-05-16 12:46:10,119 - INFO - Dataframe shape: (150000, 25)
2026-05-16 12:46:10,169 - WARNING - Column 'status' values truncated to 20 characters.
2026-05-16 12:46:10,244 - INFO - Data prepared: 150000 rows ready to insert.
2026-05-16 12:46:10,881 - INFO - ✅ Successfully connected to Supabase PostgreSQL
2026-05-16 12:46:11,088 - INFO - Fetching existing IDs from database to avoid duplicates...
2026-05-16 12:46:11,191 - INFO - Found 0 existing IDs in database.
2026-05-16 12:46:11,243 - INFO - Filtered to insert 150000 new rows.
2026-05-16 12:46:11,243 - INFO - 🚀 Starting data load to Supabase...
2026-05-16 12:46:11,705 - INFO - Inserted 0 rows...
2026-05-16 12:47:07,348 - INFO - Inserted 500 rows...
2026-05-16 12:47:07,664 - INFO - Inserted 500 rows...
